Command line invocation:
    /Applications/Xcode.app/Contents/Developer/usr/bin/xcodebuild -project /private/tmp/trains-r9-native-capture/ios/ILoveTrains.xcodeproj -scheme ILoveTrains -derivedDataPath /tmp/trains-r9-native-capture/build -destination "platform=iOS Simulator,id=C8400E13-B0B3-469D-8FE9-F5E57F2BD3E0" -parallel-testing-enabled NO CODE_SIGNING_ALLOWED=NO -resultBundlePath /tmp/trains-comps-site-r9/native-live-activity/final-clean-2/results/capture-dark.xcresult "-only-testing:ILoveTrainsUITests/TravelTrackerFlowTests/testCaptureSystemSurfaces" test

Build settings from command line:
    CODE_SIGNING_ALLOWED = NO

Writing result bundle at path:
	/tmp/trains-comps-site-r9/native-live-activity/final-clean-2/results/capture-dark.xcresult

ComputePackagePrebuildTargetDependencyGraph

Prepare packages

CreateBuildRequest

SendProjectDescription

CreateBuildOperation

ComputeTargetDependencyGraph
note: Building targets in dependency order
note: Target dependency graph (4 targets)
    Target 'ILoveTrainsUITests' in project 'ILoveTrains'
        ➜ Explicit dependency on target 'ILoveTrains' in project 'ILoveTrains'
    Target 'ILoveTrainsTests' in project 'ILoveTrains'
        ➜ Explicit dependency on target 'ILoveTrains' in project 'ILoveTrains'
    Target 'ILoveTrains' in project 'ILoveTrains'
        ➜ Explicit dependency on target 'TravelTrackerWidget' in project 'ILoveTrains'
    Target 'TravelTrackerWidget' in project 'ILoveTrains' (no dependencies)

GatherProvisioningInputs

CreateBuildDescription

ExecuteExternalTool /Applications/Xcode.app/Contents/Developer/Toolchains/XcodeDefault.xctoolchain/usr/bin/swiftc --version

ExecuteExternalTool /Applications/Xcode.app/Contents/Developer/usr/bin/actool --print-asset-tag-combinations --output-format xml1 /tmp/trains-r9-native-capture/ios/ILoveTrains/Resources/Assets.xcassets

ExecuteExternalTool /Applications/Xcode.app/Contents/Developer/Toolchains/XcodeDefault.xctoolchain/usr/bin/clang -v -E -dM -isysroot /Applications/Xcode.app/Contents/Developer/Platforms/iPhoneSimulator.platform/Developer/SDKs/iPhoneSimulator26.4.sdk -x c -c /dev/null

ExecuteExternalTool /Applications/Xcode.app/Contents/Developer/Toolchains/XcodeDefault.xctoolchain/usr/bin/ld -version_details

ExecuteExternalTool /Applications/Xcode.app/Contents/Developer/usr/bin/actool --version --output-format xml1

Build description signature: 769b52bdba4011b960c05b111e3878b5
Build description path: /tmp/trains-r9-native-capture/build/Build/Intermediates.noindex/XCBuildData/769b52bdba4011b960c05b111e3878b5.xcbuilddata
ClangStatCache /Applications/Xcode.app/Contents/Developer/Toolchains/XcodeDefault.xctoolchain/usr/bin/clang-stat-cache /Applications/Xcode.app/Contents/Developer/Platforms/iPhoneSimulator.platform/Developer/SDKs/iPhoneSimulator26.4.sdk /tmp/trains-r9-native-capture/build/SDKStatCaches.noindex/iphonesimulator26.4-23E237-686eebb5dc1d8ecb277353a59184f4aa.sdkstatcache
    cd /tmp/trains-r9-native-capture/ios/ILoveTrains.xcodeproj
    /Applications/Xcode.app/Contents/Developer/Toolchains/XcodeDefault.xctoolchain/usr/bin/clang-stat-cache /Applications/Xcode.app/Contents/Developer/Platforms/iPhoneSimulator.platform/Developer/SDKs/iPhoneSimulator26.4.sdk -o /tmp/trains-r9-native-capture/build/SDKStatCaches.noindex/iphonesimulator26.4-23E237-686eebb5dc1d8ecb277353a59184f4aa.sdkstatcache

ProcessInfoPlistFile /tmp/trains-r9-native-capture/build/Build/Products/Debug-iphonesimulator/TravelTrackerWidget.appex/Info.plist /tmp/trains-r9-native-capture/ios/TravelTrackerWidget/Info.plist (in target 'TravelTrackerWidget' from project 'ILoveTrains')
    cd /tmp/trains-r9-native-capture/ios
    builtin-infoPlistUtility /tmp/trains-r9-native-capture/ios/TravelTrackerWidget/Info.plist -producttype com.apple.product-type.app-extension -expandbuildsettings -format binary -platform iphonesimulator -o /tmp/trains-r9-native-capture/build/Build/Products/Debug-iphonesimulator/TravelTrackerWidget.appex/Info.plist

ProcessInfoPlistFile /tmp/trains-r9-native-capture/build/Build/Products/Debug-iphonesimulator/ILoveTrains.app/Info.plist /tmp/trains-r9-native-capture/ios/ILoveTrains/Info.plist (in target 'ILoveTrains' from project 'ILoveTrains')
    cd /tmp/trains-r9-native-capture/ios
    builtin-infoPlistUtility /tmp/trains-r9-native-capture/ios/ILoveTrains/Info.plist -producttype com.apple.product-type.application -genpkginfo /tmp/trains-r9-native-capture/build/Build/Products/Debug-iphonesimulator/ILoveTrains.app/PkgInfo -expandbuildsettings -format binary -platform iphonesimulator -additionalcontentfile /tmp/trains-r9-native-capture/build/Build/Intermediates.noindex/ILoveTrains.build/Debug-iphonesimulator/ILoveTrains.build/assetcatalog_generated_info.plist -scanforprivacyfile /tmp/trains-r9-native-capture/build/Build/Products/Debug-iphonesimulator/ILoveTrains.app/PlugIns/TravelTrackerWidget.appex -o /tmp/trains-r9-native-capture/build/Build/Products/Debug-iphonesimulator/ILoveTrains.app/Info.plist

CopySwiftLibs /tmp/trains-r9-native-capture/build/Build/Products/Debug-iphonesimulator/ILoveTrains.app (in target 'ILoveTrains' from project 'ILoveTrains')
    cd /tmp/trains-r9-native-capture/ios
    builtin-swiftStdLibTool --copy --verbose --scan-executable /tmp/trains-r9-native-capture/build/Build/Products/Debug-iphonesimulator/ILoveTrains.app/ILoveTrains.debug.dylib --scan-folder /tmp/trains-r9-native-capture/build/Build/Products/Debug-iphonesimulator/ILoveTrains.app/Frameworks --scan-folder /tmp/trains-r9-native-capture/build/Build/Products/Debug-iphonesimulator/ILoveTrains.app/PlugIns --scan-folder /tmp/trains-r9-native-capture/build/Build/Products/Debug-iphonesimulator/ILoveTrains.app/SystemExtensions --scan-folder /tmp/trains-r9-native-capture/build/Build/Products/Debug-iphonesimulator/ILoveTrains.app/Extensions --scan-folder /Applications/Xcode.app/Contents/Developer/Platforms/iPhoneOS.platform/Developer/SDKs/iPhoneOS18.0.sdk/System/Library/Frameworks/Foundation.framework --platform iphonesimulator --toolchain /Applications/Xcode.app/Contents/Developer/Toolchains/XcodeDefault.xctoolchain --destination /tmp/trains-r9-native-capture/build/Build/Products/Debug-iphonesimulator/ILoveTrains.app/Frameworks --strip-bitcode --strip-bitcode-tool /Applications/Xcode.app/Contents/Developer/Toolchains/XcodeDefault.xctoolchain/usr/bin/bitcode_strip --emit-dependency-info /tmp/trains-r9-native-capture/build/Build/Intermediates.noindex/ILoveTrains.build/Debug-iphonesimulator/ILoveTrains.build/SwiftStdLibToolInputDependencies.dep --filter-for-swift-os
Ignoring --strip-bitcode because --sign was not passed

ProcessInfoPlistFile /tmp/trains-r9-native-capture/build/Build/Products/Debug-iphonesimulator/ILoveTrains.app/PlugIns/ILoveTrainsTests.xctest/Info.plist /tmp/trains-r9-native-capture/build/Build/Intermediates.noindex/ILoveTrains.build/Debug-iphonesimulator/ILoveTrainsTests.build/empty-ILoveTrainsTests.plist (in target 'ILoveTrainsTests' from project 'ILoveTrains')
    cd /tmp/trains-r9-native-capture/ios
    builtin-infoPlistUtility /tmp/trains-r9-native-capture/build/Build/Intermediates.noindex/ILoveTrains.build/Debug-iphonesimulator/ILoveTrainsTests.build/empty-ILoveTrainsTests.plist -producttype com.apple.product-type.bundle.unit-test -expandbuildsettings -format binary -platform iphonesimulator -o /tmp/trains-r9-native-capture/build/Build/Products/Debug-iphonesimulator/ILoveTrains.app/PlugIns/ILoveTrainsTests.xctest/Info.plist

SwiftDriver ILoveTrainsUITests normal arm64 com.apple.xcode.tools.swift.compiler (in target 'ILoveTrainsUITests' from project 'ILoveTrains')
    cd /tmp/trains-r9-native-capture/ios
    builtin-SwiftDriver -- /Applications/Xcode.app/Contents/Developer/Toolchains/XcodeDefault.xctoolchain/usr/bin/swiftc -module-name ILoveTrainsUITests -Onone @/tmp/trains-r9-native-capture/build/Build/Intermediates.noindex/ILoveTrains.build/Debug-iphonesimulator/ILoveTrainsUITests.build/Objects-normal/arm64/ILoveTrainsUITests.SwiftFileList -DDEBUG -module-alias Testing\=_Testing_Unavailable -plugin-path /Applications/Xcode.app/Contents/Developer/Toolchains/XcodeDefault.xctoolchain/usr/lib/swift/host/plugins/testing -enable-bare-slash-regex -enable-experimental-feature DebugDescriptionMacro -sdk /Applications/Xcode.app/Contents/Developer/Platforms/iPhoneSimulator.platform/Developer/SDKs/iPhoneSimulator26.4.sdk -target arm64-apple-ios17.0-simulator -g -module-cache-path /tmp/trains-r9-native-capture/build/ModuleCache.noindex -Xfrontend -serialize-debugging-options -enable-testing -index-store-path /tmp/trains-r9-native-capture/build/Index.noindex/DataStore -Xcc -D_LIBCPP_HARDENING_MODE\=_LIBCPP_HARDENING_MODE_DEBUG -swift-version 5 -I /tmp/trains-r9-native-capture/build/Build/Products/Debug-iphonesimulator -Isystem /Applications/Xcode.app/Contents/Developer/Platforms/iPhoneSimulator.platform/Developer/usr/lib -F /tmp/trains-r9-native-capture/build/Build/Products/Debug-iphonesimulator -F /Applications/Xcode.app/Contents/Developer/Platforms/iPhoneSimulator.platform/Developer/Library/Frameworks -F /Applications/Xcode.app/Contents/Developer/Platforms/iPhoneSimulator.platform/Developer/SDKs/iPhoneSimulator26.4.sdk/Developer/Library/Frameworks -emit-localized-strings -emit-localized-strings-path /tmp/trains-r9-native-capture/build/Build/Intermediates.noindex/ILoveTrains.build/Debug-iphonesimulator/ILoveTrainsUITests.build/Objects-normal/arm64 -c -j12 -enable-batch-mode -incremental -Xcc -ivfsstatcache -Xcc /tmp/trains-r9-native-capture/build/SDKStatCaches.noindex/iphonesimulator26.4-23E237-686eebb5dc1d8ecb277353a59184f4aa.sdkstatcache -output-file-map /tmp/trains-r9-native-capture/build/Build/Intermediates.noindex/ILoveTrains.build/Debug-iphonesimulator/ILoveTrainsUITests.build/Objects-normal/arm64/ILoveTrainsUITests-OutputFileMap.json -use-frontend-parseable-output -save-temps -no-color-diagnostics -explicit-module-build -module-cache-path /tmp/trains-r9-native-capture/build/Build/Intermediates.noindex/SwiftExplicitPrecompiledModules -clang-scanner-module-cache-path /tmp/trains-r9-native-capture/build/ModuleCache.noindex -sdk-module-cache-path /tmp/trains-r9-native-capture/build/ModuleCache.noindex -serialize-diagnostics -emit-dependencies -emit-module -emit-module-path /tmp/trains-r9-native-capture/build/Build/Intermediates.noindex/ILoveTrains.build/Debug-iphonesimulator/ILoveTrainsUITests.build/Objects-normal/arm64/ILoveTrainsUITests.swiftmodule -validate-clang-modules-once -clang-build-session-file /tmp/trains-r9-native-capture/build/ModuleCache.noindex/Session.modulevalidation -Xcc -I/tmp/trains-r9-native-capture/build/Build/Intermediates.noindex/ILoveTrains.build/Debug-iphonesimulator/ILoveTrainsUITests.build/swift-overrides.hmap -emit-const-values -Xfrontend -const-gather-protocols-file -Xfrontend /tmp/trains-r9-native-capture/build/Build/Intermediates.noindex/ILoveTrains.build/Debug-iphonesimulator/ILoveTrainsUITests.build/Objects-normal/arm64/ILoveTrainsUITests_const_extract_protocols.json -Xcc -iquote -Xcc /tmp/trains-r9-native-capture/build/Build/Intermediates.noindex/ILoveTrains.build/Debug-iphonesimulator/ILoveTrainsUITests.build/ILoveTrainsUITests-generated-files.hmap -Xcc -I/tmp/trains-r9-native-capture/build/Build/Intermediates.noindex/ILoveTrains.build/Debug-iphonesimulator/ILoveTrainsUITests.build/ILoveTrainsUITests-own-target-headers.hmap -Xcc -I/tmp/trains-r9-native-capture/build/Build/Intermediates.noindex/ILoveTrains.build/Debug-iphonesimulator/ILoveTrainsUITests.build/ILoveTrainsUITests-all-target-headers.hmap -Xcc -iquote -Xcc /tmp/trains-r9-native-capture/build/Build/Intermediates.noindex/ILoveTrains.build/Debug-iphonesimulator/ILoveTrainsUITests.build/ILoveTrainsUITests-project-headers.hmap -Xcc -I/tmp/trains-r9-native-capture/build/Build/Products/Debug-iphonesimulator/include -Xcc -I/tmp/trains-r9-native-capture/build/Build/Intermediates.noindex/ILoveTrains.build/Debug-iphonesimulator/ILoveTrainsUITests.build/DerivedSources-normal/arm64 -Xcc -I/tmp/trains-r9-native-capture/build/Build/Intermediates.noindex/ILoveTrains.build/Debug-iphonesimulator/ILoveTrainsUITests.build/DerivedSources/arm64 -Xcc -I/tmp/trains-r9-native-capture/build/Build/Intermediates.noindex/ILoveTrains.build/Debug-iphonesimulator/ILoveTrainsUITests.build/DerivedSources -Xcc -DDEBUG\=1 -emit-objc-header -emit-objc-header-path /tmp/trains-r9-native-capture/build/Build/Intermediates.noindex/ILoveTrains.build/Debug-iphonesimulator/ILoveTrainsUITests.build/Objects-normal/arm64/ILoveTrainsUITests-Swift.h -working-directory /tmp/trains-r9-native-capture/ios -experimental-emit-module-separately -disable-cmo

SwiftCompile normal arm64 Compiling\ TravelTrackerFlowTests.swift /tmp/trains-r9-native-capture/ios/ILoveTrainsUITests/TravelTrackerFlowTests.swift (in target 'ILoveTrainsUITests' from project 'ILoveTrains')

SwiftCompile normal arm64 /tmp/trains-r9-native-capture/ios/ILoveTrainsUITests/TravelTrackerFlowTests.swift (in target 'ILoveTrainsUITests' from project 'ILoveTrains')
    cd /tmp/trains-r9-native-capture/ios
    

SwiftEmitModule normal arm64 Emitting\ module\ for\ ILoveTrainsUITests (in target 'ILoveTrainsUITests' from project 'ILoveTrains')

EmitSwiftModule normal arm64 (in target 'ILoveTrainsUITests' from project 'ILoveTrains')
    cd /tmp/trains-r9-native-capture/ios
    

SwiftDriverJobDiscovery normal arm64 Compiling TravelTrackerFlowTests.swift (in target 'ILoveTrainsUITests' from project 'ILoveTrains')

SwiftDriver\ Compilation ILoveTrainsUITests normal arm64 com.apple.xcode.tools.swift.compiler (in target 'ILoveTrainsUITests' from project 'ILoveTrains')
    cd /tmp/trains-r9-native-capture/ios
    builtin-Swift-Compilation -- /Applications/Xcode.app/Contents/Developer/Toolchains/XcodeDefault.xctoolchain/usr/bin/swiftc -module-name ILoveTrainsUITests -Onone @/tmp/trains-r9-native-capture/build/Build/Intermediates.noindex/ILoveTrains.build/Debug-iphonesimulator/ILoveTrainsUITests.build/Objects-normal/arm64/ILoveTrainsUITests.SwiftFileList -DDEBUG -module-alias Testing\=_Testing_Unavailable -plugin-path /Applications/Xcode.app/Contents/Developer/Toolchains/XcodeDefault.xctoolchain/usr/lib/swift/host/plugins/testing -enable-bare-slash-regex -enable-experimental-feature DebugDescriptionMacro -sdk /Applications/Xcode.app/Contents/Developer/Platforms/iPhoneSimulator.platform/Developer/SDKs/iPhoneSimulator26.4.sdk -target arm64-apple-ios17.0-simulator -g -module-cache-path /tmp/trains-r9-native-capture/build/ModuleCache.noindex -Xfrontend -serialize-debugging-options -enable-testing -index-store-path /tmp/trains-r9-native-capture/build/Index.noindex/DataStore -Xcc -D_LIBCPP_HARDENING_MODE\=_LIBCPP_HARDENING_MODE_DEBUG -swift-version 5 -I /tmp/trains-r9-native-capture/build/Build/Products/Debug-iphonesimulator -Isystem /Applications/Xcode.app/Contents/Developer/Platforms/iPhoneSimulator.platform/Developer/usr/lib -F /tmp/trains-r9-native-capture/build/Build/Products/Debug-iphonesimulator -F /Applications/Xcode.app/Contents/Developer/Platforms/iPhoneSimulator.platform/Developer/Library/Frameworks -F /Applications/Xcode.app/Contents/Developer/Platforms/iPhoneSimulator.platform/Developer/SDKs/iPhoneSimulator26.4.sdk/Developer/Library/Frameworks -emit-localized-strings -emit-localized-strings-path /tmp/trains-r9-native-capture/build/Build/Intermediates.noindex/ILoveTrains.build/Debug-iphonesimulator/ILoveTrainsUITests.build/Objects-normal/arm64 -c -j12 -enable-batch-mode -incremental -Xcc -ivfsstatcache -Xcc /tmp/trains-r9-native-capture/build/SDKStatCaches.noindex/iphonesimulator26.4-23E237-686eebb5dc1d8ecb277353a59184f4aa.sdkstatcache -output-file-map /tmp/trains-r9-native-capture/build/Build/Intermediates.noindex/ILoveTrains.build/Debug-iphonesimulator/ILoveTrainsUITests.build/Objects-normal/arm64/ILoveTrainsUITests-OutputFileMap.json -use-frontend-parseable-output -save-temps -no-color-diagnostics -explicit-module-build -module-cache-path /tmp/trains-r9-native-capture/build/Build/Intermediates.noindex/SwiftExplicitPrecompiledModules -clang-scanner-module-cache-path /tmp/trains-r9-native-capture/build/ModuleCache.noindex -sdk-module-cache-path /tmp/trains-r9-native-capture/build/ModuleCache.noindex -serialize-diagnostics -emit-dependencies -emit-module -emit-module-path /tmp/trains-r9-native-capture/build/Build/Intermediates.noindex/ILoveTrains.build/Debug-iphonesimulator/ILoveTrainsUITests.build/Objects-normal/arm64/ILoveTrainsUITests.swiftmodule -validate-clang-modules-once -clang-build-session-file /tmp/trains-r9-native-capture/build/ModuleCache.noindex/Session.modulevalidation -Xcc -I/tmp/trains-r9-native-capture/build/Build/Intermediates.noindex/ILoveTrains.build/Debug-iphonesimulator/ILoveTrainsUITests.build/swift-overrides.hmap -emit-const-values -Xfrontend -const-gather-protocols-file -Xfrontend /tmp/trains-r9-native-capture/build/Build/Intermediates.noindex/ILoveTrains.build/Debug-iphonesimulator/ILoveTrainsUITests.build/Objects-normal/arm64/ILoveTrainsUITests_const_extract_protocols.json -Xcc -iquote -Xcc /tmp/trains-r9-native-capture/build/Build/Intermediates.noindex/ILoveTrains.build/Debug-iphonesimulator/ILoveTrainsUITests.build/ILoveTrainsUITests-generated-files.hmap -Xcc -I/tmp/trains-r9-native-capture/build/Build/Intermediates.noindex/ILoveTrains.build/Debug-iphonesimulator/ILoveTrainsUITests.build/ILoveTrainsUITests-own-target-headers.hmap -Xcc -I/tmp/trains-r9-native-capture/build/Build/Intermediates.noindex/ILoveTrains.build/Debug-iphonesimulator/ILoveTrainsUITests.build/ILoveTrainsUITests-all-target-headers.hmap -Xcc -iquote -Xcc /tmp/trains-r9-native-capture/build/Build/Intermediates.noindex/ILoveTrains.build/Debug-iphonesimulator/ILoveTrainsUITests.build/ILoveTrainsUITests-project-headers.hmap -Xcc -I/tmp/trains-r9-native-capture/build/Build/Products/Debug-iphonesimulator/include -Xcc -I/tmp/trains-r9-native-capture/build/Build/Intermediates.noindex/ILoveTrains.build/Debug-iphonesimulator/ILoveTrainsUITests.build/DerivedSources-normal/arm64 -Xcc -I/tmp/trains-r9-native-capture/build/Build/Intermediates.noindex/ILoveTrains.build/Debug-iphonesimulator/ILoveTrainsUITests.build/DerivedSources/arm64 -Xcc -I/tmp/trains-r9-native-capture/build/Build/Intermediates.noindex/ILoveTrains.build/Debug-iphonesimulator/ILoveTrainsUITests.build/DerivedSources -Xcc -DDEBUG\=1 -emit-objc-header -emit-objc-header-path /tmp/trains-r9-native-capture/build/Build/Intermediates.noindex/ILoveTrains.build/Debug-iphonesimulator/ILoveTrainsUITests.build/Objects-normal/arm64/ILoveTrainsUITests-Swift.h -working-directory /tmp/trains-r9-native-capture/ios -experimental-emit-module-separately -disable-cmo

SwiftDriverJobDiscovery normal arm64 Emitting module for ILoveTrainsUITests (in target 'ILoveTrainsUITests' from project 'ILoveTrains')

SwiftDriver\ Compilation\ Requirements ILoveTrainsUITests normal arm64 com.apple.xcode.tools.swift.compiler (in target 'ILoveTrainsUITests' from project 'ILoveTrains')
    cd /tmp/trains-r9-native-capture/ios
    builtin-Swift-Compilation-Requirements -- /Applications/Xcode.app/Contents/Developer/Toolchains/XcodeDefault.xctoolchain/usr/bin/swiftc -module-name ILoveTrainsUITests -Onone @/tmp/trains-r9-native-capture/build/Build/Intermediates.noindex/ILoveTrains.build/Debug-iphonesimulator/ILoveTrainsUITests.build/Objects-normal/arm64/ILoveTrainsUITests.SwiftFileList -DDEBUG -module-alias Testing\=_Testing_Unavailable -plugin-path /Applications/Xcode.app/Contents/Developer/Toolchains/XcodeDefault.xctoolchain/usr/lib/swift/host/plugins/testing -enable-bare-slash-regex -enable-experimental-feature DebugDescriptionMacro -sdk /Applications/Xcode.app/Contents/Developer/Platforms/iPhoneSimulator.platform/Developer/SDKs/iPhoneSimulator26.4.sdk -target arm64-apple-ios17.0-simulator -g -module-cache-path /tmp/trains-r9-native-capture/build/ModuleCache.noindex -Xfrontend -serialize-debugging-options -enable-testing -index-store-path /tmp/trains-r9-native-capture/build/Index.noindex/DataStore -Xcc -D_LIBCPP_HARDENING_MODE\=_LIBCPP_HARDENING_MODE_DEBUG -swift-version 5 -I /tmp/trains-r9-native-capture/build/Build/Products/Debug-iphonesimulator -Isystem /Applications/Xcode.app/Contents/Developer/Platforms/iPhoneSimulator.platform/Developer/usr/lib -F /tmp/trains-r9-native-capture/build/Build/Products/Debug-iphonesimulator -F /Applications/Xcode.app/Contents/Developer/Platforms/iPhoneSimulator.platform/Developer/Library/Frameworks -F /Applications/Xcode.app/Contents/Developer/Platforms/iPhoneSimulator.platform/Developer/SDKs/iPhoneSimulator26.4.sdk/Developer/Library/Frameworks -emit-localized-strings -emit-localized-strings-path /tmp/trains-r9-native-capture/build/Build/Intermediates.noindex/ILoveTrains.build/Debug-iphonesimulator/ILoveTrainsUITests.build/Objects-normal/arm64 -c -j12 -enable-batch-mode -incremental -Xcc -ivfsstatcache -Xcc /tmp/trains-r9-native-capture/build/SDKStatCaches.noindex/iphonesimulator26.4-23E237-686eebb5dc1d8ecb277353a59184f4aa.sdkstatcache -output-file-map /tmp/trains-r9-native-capture/build/Build/Intermediates.noindex/ILoveTrains.build/Debug-iphonesimulator/ILoveTrainsUITests.build/Objects-normal/arm64/ILoveTrainsUITests-OutputFileMap.json -use-frontend-parseable-output -save-temps -no-color-diagnostics -explicit-module-build -module-cache-path /tmp/trains-r9-native-capture/build/Build/Intermediates.noindex/SwiftExplicitPrecompiledModules -clang-scanner-module-cache-path /tmp/trains-r9-native-capture/build/ModuleCache.noindex -sdk-module-cache-path /tmp/trains-r9-native-capture/build/ModuleCache.noindex -serialize-diagnostics -emit-dependencies -emit-module -emit-module-path /tmp/trains-r9-native-capture/build/Build/Intermediates.noindex/ILoveTrains.build/Debug-iphonesimulator/ILoveTrainsUITests.build/Objects-normal/arm64/ILoveTrainsUITests.swiftmodule -validate-clang-modules-once -clang-build-session-file /tmp/trains-r9-native-capture/build/ModuleCache.noindex/Session.modulevalidation -Xcc -I/tmp/trains-r9-native-capture/build/Build/Intermediates.noindex/ILoveTrains.build/Debug-iphonesimulator/ILoveTrainsUITests.build/swift-overrides.hmap -emit-const-values -Xfrontend -const-gather-protocols-file -Xfrontend /tmp/trains-r9-native-capture/build/Build/Intermediates.noindex/ILoveTrains.build/Debug-iphonesimulator/ILoveTrainsUITests.build/Objects-normal/arm64/ILoveTrainsUITests_const_extract_protocols.json -Xcc -iquote -Xcc /tmp/trains-r9-native-capture/build/Build/Intermediates.noindex/ILoveTrains.build/Debug-iphonesimulator/ILoveTrainsUITests.build/ILoveTrainsUITests-generated-files.hmap -Xcc -I/tmp/trains-r9-native-capture/build/Build/Intermediates.noindex/ILoveTrains.build/Debug-iphonesimulator/ILoveTrainsUITests.build/ILoveTrainsUITests-own-target-headers.hmap -Xcc -I/tmp/trains-r9-native-capture/build/Build/Intermediates.noindex/ILoveTrains.build/Debug-iphonesimulator/ILoveTrainsUITests.build/ILoveTrainsUITests-all-target-headers.hmap -Xcc -iquote -Xcc /tmp/trains-r9-native-capture/build/Build/Intermediates.noindex/ILoveTrains.build/Debug-iphonesimulator/ILoveTrainsUITests.build/ILoveTrainsUITests-project-headers.hmap -Xcc -I/tmp/trains-r9-native-capture/build/Build/Products/Debug-iphonesimulator/include -Xcc -I/tmp/trains-r9-native-capture/build/Build/Intermediates.noindex/ILoveTrains.build/Debug-iphonesimulator/ILoveTrainsUITests.build/DerivedSources-normal/arm64 -Xcc -I/tmp/trains-r9-native-capture/build/Build/Intermediates.noindex/ILoveTrains.build/Debug-iphonesimulator/ILoveTrainsUITests.build/DerivedSources/arm64 -Xcc -I/tmp/trains-r9-native-capture/build/Build/Intermediates.noindex/ILoveTrains.build/Debug-iphonesimulator/ILoveTrainsUITests.build/DerivedSources -Xcc -DDEBUG\=1 -emit-objc-header -emit-objc-header-path /tmp/trains-r9-native-capture/build/Build/Intermediates.noindex/ILoveTrains.build/Debug-iphonesimulator/ILoveTrainsUITests.build/Objects-normal/arm64/ILoveTrainsUITests-Swift.h -working-directory /tmp/trains-r9-native-capture/ios -experimental-emit-module-separately -disable-cmo

Copy /tmp/trains-r9-native-capture/build/Build/Products/Debug-iphonesimulator/ILoveTrainsUITests.swiftmodule/arm64-apple-ios-simulator.abi.json /tmp/trains-r9-native-capture/build/Build/Intermediates.noindex/ILoveTrains.build/Debug-iphonesimulator/ILoveTrainsUITests.build/Objects-normal/arm64/ILoveTrainsUITests.abi.json (in target 'ILoveTrainsUITests' from project 'ILoveTrains')
    cd /tmp/trains-r9-native-capture/ios
    builtin-copy -exclude .DS_Store -exclude CVS -exclude .svn -exclude .git -exclude .hg -resolve-src-symlinks -rename /tmp/trains-r9-native-capture/build/Build/Intermediates.noindex/ILoveTrains.build/Debug-iphonesimulator/ILoveTrainsUITests.build/Objects-normal/arm64/ILoveTrainsUITests.abi.json /tmp/trains-r9-native-capture/build/Build/Products/Debug-iphonesimulator/ILoveTrainsUITests.swiftmodule/arm64-apple-ios-simulator.abi.json

Copy /tmp/trains-r9-native-capture/build/Build/Products/Debug-iphonesimulator/ILoveTrainsUITests.swiftmodule/Project/arm64-apple-ios-simulator.swiftsourceinfo /tmp/trains-r9-native-capture/build/Build/Intermediates.noindex/ILoveTrains.build/Debug-iphonesimulator/ILoveTrainsUITests.build/Objects-normal/arm64/ILoveTrainsUITests.swiftsourceinfo (in target 'ILoveTrainsUITests' from project 'ILoveTrains')
    cd /tmp/trains-r9-native-capture/ios
    builtin-copy -exclude .DS_Store -exclude CVS -exclude .svn -exclude .git -exclude .hg -resolve-src-symlinks -rename /tmp/trains-r9-native-capture/build/Build/Intermediates.noindex/ILoveTrains.build/Debug-iphonesimulator/ILoveTrainsUITests.build/Objects-normal/arm64/ILoveTrainsUITests.swiftsourceinfo /tmp/trains-r9-native-capture/build/Build/Products/Debug-iphonesimulator/ILoveTrainsUITests.swiftmodule/Project/arm64-apple-ios-simulator.swiftsourceinfo

Ld /tmp/trains-r9-native-capture/build/Build/Products/Debug-iphonesimulator/ILoveTrainsUITests-Runner.app/PlugIns/ILoveTrainsUITests.xctest/ILoveTrainsUITests normal (in target 'ILoveTrainsUITests' from project 'ILoveTrains')
    cd /tmp/trains-r9-native-capture/ios
    /Applications/Xcode.app/Contents/Developer/Toolchains/XcodeDefault.xctoolchain/usr/bin/clang -Xlinker -reproducible -target arm64-apple-ios17.0-simulator -bundle -isysroot /Applications/Xcode.app/Contents/Developer/Platforms/iPhoneSimulator.platform/Developer/SDKs/iPhoneSimulator26.4.sdk -O0 -L/tmp/trains-r9-native-capture/build/Build/Intermediates.noindex/EagerLinkingTBDs/Debug-iphonesimulator -L/tmp/trains-r9-native-capture/build/Build/Products/Debug-iphonesimulator -L/Applications/Xcode.app/Contents/Developer/Platforms/iPhoneSimulator.platform/Developer/usr/lib -F/tmp/trains-r9-native-capture/build/Build/Intermediates.noindex/EagerLinkingTBDs/Debug-iphonesimulator -F/tmp/trains-r9-native-capture/build/Build/Products/Debug-iphonesimulator -iframework /Applications/Xcode.app/Contents/Developer/Platforms/iPhoneSimulator.platform/Developer/Library/Frameworks -iframework /Applications/Xcode.app/Contents/Developer/Platforms/iPhoneSimulator.platform/Developer/SDKs/iPhoneSimulator26.4.sdk/Developer/Library/Frameworks -filelist /tmp/trains-r9-native-capture/build/Build/Intermediates.noindex/ILoveTrains.build/Debug-iphonesimulator/ILoveTrainsUITests.build/Objects-normal/arm64/ILoveTrainsUITests.LinkFileList -Xlinker -rpath -Xlinker /usr/lib/swift -Xlinker -rpath -Xlinker @loader_path/Frameworks -Xlinker -dead_strip -Xlinker -object_path_lto -Xlinker /tmp/trains-r9-native-capture/build/Build/Intermediates.noindex/ILoveTrains.build/Debug-iphonesimulator/ILoveTrainsUITests.build/Objects-normal/arm64/ILoveTrainsUITests_lto.o -rdynamic -Xlinker -no_deduplicate -Xlinker -objc_abi_version -Xlinker 2 -Xlinker -dependency_info -Xlinker /tmp/trains-r9-native-capture/build/Build/Intermediates.noindex/ILoveTrains.build/Debug-iphonesimulator/ILoveTrainsUITests.build/Objects-normal/arm64/ILoveTrainsUITests_dependency_info.dat -fobjc-link-runtime -L/Applications/Xcode.app/Contents/Developer/Toolchains/XcodeDefault.xctoolchain/usr/lib/swift/iphonesimulator -L/usr/lib/swift -Xlinker -add_ast_path -Xlinker /tmp/trains-r9-native-capture/build/Build/Intermediates.noindex/ILoveTrains.build/Debug-iphonesimulator/ILoveTrainsUITests.build/Objects-normal/arm64/ILoveTrainsUITests.swiftmodule @/tmp/trains-r9-native-capture/build/Build/Intermediates.noindex/ILoveTrains.build/Debug-iphonesimulator/ILoveTrainsUITests.build/Objects-normal/arm64/ILoveTrainsUITests-linker-args.resp -Xlinker -needed_framework -Xlinker XCTest -framework XCTest -Xlinker -needed-lXCTestSwiftSupport -lXCTestSwiftSupport -framework Foundation -o /tmp/trains-r9-native-capture/build/Build/Products/Debug-iphonesimulator/ILoveTrainsUITests-Runner.app/PlugIns/ILoveTrainsUITests.xctest/ILoveTrainsUITests

ExtractAppIntentsMetadata (in target 'ILoveTrainsUITests' from project 'ILoveTrains')
    cd /tmp/trains-r9-native-capture/ios
    /Applications/Xcode.app/Contents/Developer/Toolchains/XcodeDefault.xctoolchain/usr/bin/appintentsmetadataprocessor --toolchain-dir /Applications/Xcode.app/Contents/Developer/Toolchains/XcodeDefault.xctoolchain --module-name ILoveTrainsUITests --sdk-root /Applications/Xcode.app/Contents/Developer/Platforms/iPhoneSimulator.platform/Developer/SDKs/iPhoneSimulator26.4.sdk --xcode-version 17E192 --platform-family iOS --deployment-target 17.0 --bundle-identifier com.ilovetrains.ios.uitests --output /tmp/trains-r9-native-capture/build/Build/Products/Debug-iphonesimulator/ILoveTrainsUITests-Runner.app/PlugIns/ILoveTrainsUITests.xctest --target-triple arm64-apple-ios17.0-simulator --binary-file /tmp/trains-r9-native-capture/build/Build/Products/Debug-iphonesimulator/ILoveTrainsUITests-Runner.app/PlugIns/ILoveTrainsUITests.xctest/ILoveTrainsUITests --dependency-file /tmp/trains-r9-native-capture/build/Build/Intermediates.noindex/ILoveTrains.build/Debug-iphonesimulator/ILoveTrainsUITests.build/Objects-normal/arm64/ILoveTrainsUITests_dependency_info.dat --stringsdata-file /tmp/trains-r9-native-capture/build/Build/Intermediates.noindex/ILoveTrains.build/Debug-iphonesimulator/ILoveTrainsUITests.build/Objects-normal/arm64/ExtractedAppShortcutsMetadata.stringsdata --source-file-list /tmp/trains-r9-native-capture/build/Build/Intermediates.noindex/ILoveTrains.build/Debug-iphonesimulator/ILoveTrainsUITests.build/Objects-normal/arm64/ILoveTrainsUITests.SwiftFileList --metadata-file-list /tmp/trains-r9-native-capture/build/Build/Intermediates.noindex/ILoveTrains.build/Debug-iphonesimulator/ILoveTrainsUITests.build/ILoveTrainsUITests.DependencyMetadataFileList --static-metadata-file-list /tmp/trains-r9-native-capture/build/Build/Intermediates.noindex/ILoveTrains.build/Debug-iphonesimulator/ILoveTrainsUITests.build/ILoveTrainsUITests.DependencyStaticMetadataFileList --swift-const-vals-list /tmp/trains-r9-native-capture/build/Build/Intermediates.noindex/ILoveTrains.build/Debug-iphonesimulator/ILoveTrainsUITests.build/Objects-normal/arm64/ILoveTrainsUITests.SwiftConstValuesFileList --compile-time-extraction --deployment-aware-processing --validate-assistant-intents --no-app-shortcuts-localization
2026-09-10 01:42:33.374 appintentsmetadataprocessor[56567:70293785] Starting appintentsmetadataprocessor export
2026-09-10 01:42:33.378 appintentsmetadataprocessor[56567:70293785] warning: Metadata extraction skipped. No AppIntents.framework dependency found.

ProcessInfoPlistFile /tmp/trains-r9-native-capture/build/Build/Products/Debug-iphonesimulator/ILoveTrainsUITests-Runner.app/PlugIns/ILoveTrainsUITests.xctest/Info.plist /tmp/trains-r9-native-capture/build/Build/Intermediates.noindex/ILoveTrains.build/Debug-iphonesimulator/ILoveTrainsUITests.build/empty-ILoveTrainsUITests.plist (in target 'ILoveTrainsUITests' from project 'ILoveTrains')
    cd /tmp/trains-r9-native-capture/ios
    builtin-infoPlistUtility /tmp/trains-r9-native-capture/build/Build/Intermediates.noindex/ILoveTrains.build/Debug-iphonesimulator/ILoveTrainsUITests.build/empty-ILoveTrainsUITests.plist -producttype com.apple.product-type.bundle.ui-testing -expandbuildsettings -format binary -platform iphonesimulator -additionalcontentfile /tmp/trains-r9-native-capture/build/Build/Intermediates.noindex/ILoveTrains.build/Debug-iphonesimulator/ILoveTrainsUITests.build/ProductTypeInfoPlistAdditions.plist -o /tmp/trains-r9-native-capture/build/Build/Products/Debug-iphonesimulator/ILoveTrainsUITests-Runner.app/PlugIns/ILoveTrainsUITests.xctest/Info.plist

CopySwiftLibs /tmp/trains-r9-native-capture/build/Build/Products/Debug-iphonesimulator/ILoveTrainsUITests-Runner.app/PlugIns/ILoveTrainsUITests.xctest (in target 'ILoveTrainsUITests' from project 'ILoveTrains')
    cd /tmp/trains-r9-native-capture/ios
    builtin-swiftStdLibTool --copy --verbose --scan-executable /tmp/trains-r9-native-capture/build/Build/Products/Debug-iphonesimulator/ILoveTrainsUITests-Runner.app/PlugIns/ILoveTrainsUITests.xctest/ILoveTrainsUITests --scan-folder /tmp/trains-r9-native-capture/build/Build/Products/Debug-iphonesimulator/ILoveTrainsUITests-Runner.app/PlugIns/ILoveTrainsUITests.xctest/Frameworks --scan-folder /tmp/trains-r9-native-capture/build/Build/Products/Debug-iphonesimulator/ILoveTrainsUITests-Runner.app/PlugIns/ILoveTrainsUITests.xctest/PlugIns --scan-folder /tmp/trains-r9-native-capture/build/Build/Products/Debug-iphonesimulator/ILoveTrainsUITests-Runner.app/PlugIns/ILoveTrainsUITests.xctest/SystemExtensions --scan-folder /tmp/trains-r9-native-capture/build/Build/Products/Debug-iphonesimulator/ILoveTrainsUITests-Runner.app/PlugIns/ILoveTrainsUITests.xctest/Extensions --scan-folder /Applications/Xcode.app/Contents/Developer/Platforms/iPhoneOS.platform/Developer/SDKs/iPhoneOS18.0.sdk/System/Library/Frameworks/Foundation.framework --platform iphonesimulator --toolchain /Applications/Xcode.app/Contents/Developer/Toolchains/XcodeDefault.xctoolchain --destination /tmp/trains-r9-native-capture/build/Build/Products/Debug-iphonesimulator/ILoveTrainsUITests-Runner.app/PlugIns/ILoveTrainsUITests.xctest/Frameworks --strip-bitcode --scan-executable /Applications/Xcode.app/Contents/Developer/Platforms/iPhoneSimulator.platform/Developer/usr/lib/libXCTestSwiftSupport.dylib --strip-bitcode-tool /Applications/Xcode.app/Contents/Developer/Toolchains/XcodeDefault.xctoolchain/usr/bin/bitcode_strip --emit-dependency-info /tmp/trains-r9-native-capture/build/Build/Intermediates.noindex/ILoveTrains.build/Debug-iphonesimulator/ILoveTrainsUITests.build/SwiftStdLibToolInputDependencies.dep --filter-for-swift-os
Ignoring --strip-bitcode because --sign was not passed

2026-09-10 01:42:35.059704+1000 ILoveTrainsUITests-Runner[56601:70294389] [Default] Running tests...
2026-09-10 01:42:35.112886+1000 ILoveTrainsUITests-Runner[56601:70294498] [General] Failed to send CA Event for app launch measurements for ca_event_type: 0 event_name: com.apple.app_launch_measurement.FirstFramePresentationMetric
    t =      nans Interface orientation changed to Portrait
2026-09-10 01:42:35.720432+1000 ILoveTrainsUITests-Runner[56601:70294494] [General] Failed to send CA Event for app launch measurements for ca_event_type: 1 event_name: com.apple.app_launch_measurement.ExtendedLaunchMetrics
Test Suite 'Selected tests' started at 2026-09-10 01:42:35.757.
Test Suite 'ILoveTrainsUITests.xctest' started at 2026-09-10 01:42:35.757.
Test Suite 'TravelTrackerFlowTests' started at 2026-09-10 01:42:35.757.
Test Case '-[ILoveTrainsUITests.TravelTrackerFlowTests testCaptureSystemSurfaces]' started.
    t =     0.00s Start Test at 2026-09-10 01:42:35.758
    t =     0.06s Set Up
    t =     0.06s Terminate com.ilovetrains.ios:0
    t =     0.06s Open com.ilovetrains.ios
    t =     0.06s     Launch com.ilovetrains.ios
2026-09-10 01:42:36.010 xcodebuild[56464:70292983] [MT] IDELaunchParametersSnapshot: The operation couldn’t be completed. (DebuggerLLDB.DebuggerVersionStore.StoreError error 0.)
2026-09-10 01:42:36.010 xcodebuild[56464:70292983] [MT] IDELaunchParametersSnapshot: no debugger version
objc[56601]: Class UIAccessibilityLoaderWebShared is implemented in both /Library/Developer/CoreSimulator/Volumes/iOS_23E244/Library/Developer/CoreSimulator/Profiles/Runtimes/iOS 26.4.simruntime/Contents/Resources/RuntimeRoot/System/Library/AccessibilityBundles/WebCore.axbundle/WebCore (0x109368310) and /Library/Developer/CoreSimulator/Volumes/iOS_23E244/Library/Developer/CoreSimulator/Profiles/Runtimes/iOS 26.4.simruntime/Contents/Resources/RuntimeRoot/System/Library/AccessibilityBundles/WebKit.axbundle/WebKit (0x10939c398). This may cause spurious casting failures and mysterious crashes. One of the duplicates must be removed or renamed.
    t =     0.87s         Setting up automation session
    t =     1.62s         Wait for com.ilovetrains.ios to idle
    t =     3.10s Waiting 12.0s for "tracker-driver-status" Any to exist
    t =     4.14s     Checking `Expect predicate `existsNoRetry == 1` for object "tracker-driver-status" Any`
    t =     4.14s         Checking existence of `"tracker-driver-status" Any`
    t =     4.20s Waiting 12.0s for "tracker-driver-status" Any to exist
    t =     5.23s     Checking `Expect predicate `existsNoRetry == 1` for object "tracker-driver-status" Any`
    t =     5.23s         Checking existence of `"tracker-driver-status" Any`
    t =     5.26s Find the "tracker-driver-status" Any
    t =     5.28s Find the "tracker-driver-status" StaticText
    t =     5.30s Waiting 2.5s for Button (First Match) to exist
    t =     6.33s     Checking `Expect predicate `existsNoRetry == 1` for object Button (First Match)`
    t =     6.33s         Checking existence of `Button (First Match)`
    t =     6.37s         Capturing element debug description
    t =     7.30s     Checking `Expect predicate `existsNoRetry == 1` for object Button (First Match)`
    t =     7.30s         Checking existence of `Button (First Match)`
    t =     7.33s         Capturing element debug description
    t =     7.80s     Checking existence of `Button (First Match)`
    t =     7.84s Collecting debug information to assist test failure triage
    t =     7.84s     Requesting snapshot of accessibility hierarchy for app with pid 47994
    t =     7.87s Terminate com.ilovetrains.ios:56612
    t =     8.92s Open com.apple.springboard
    t =     8.92s     Activate com.apple.springboard
    t =     8.93s         Wait for com.apple.springboard to idle
    t =     9.61s Press Application 'com.apple.springboard'[0.15, 0.01] for 0.1 seconds, then drag to Application 'com.apple.springboard'[0.15, 0.72] with velocity of 500.00 pixels per second, and then hold for 0.0 seconds 
    t =     9.61s     Wait for com.apple.springboard to idle
    t =     9.61s     Find the Application 'com.apple.springboard'
    t =     9.65s     Check for interrupting elements affecting " " Application
    t =     9.68s     Synthesize event
    t =     9.68s         Find the Application 'com.apple.springboard'
    t =     9.71s         Find the Application 'com.apple.springboard'
    t =     9.73s         Find the Application 'com.apple.springboard'
    t =     9.75s         Find the Application 'com.apple.springboard'
    t =     9.78s         Find the Application 'com.apple.springboard'
    t =    11.36s     Wait for com.apple.springboard to idle
    t =    14.30s Waiting 2.5s for Button (First Match) to exist
    t =    15.33s     Checking `Expect predicate `existsNoRetry == 1` for object Button (First Match)`
    t =    15.34s         Checking existence of `Button (First Match)`
    t =    15.39s Tap Button (First Match)
    t =    15.39s     Wait for com.apple.springboard to idle
    t =    15.39s     Find the Button (First Match)
    t =    15.43s     Check for interrupting elements affecting "swipe-action-button-identifier" Button
    t =    15.46s     Synthesize event
    t =    15.75s     Wait for com.apple.springboard to idle
    t =    20.57s Terminate com.ilovetrains.ios:56712
    t =    21.63s Open com.ilovetrains.ios
    t =    21.63s     Launch com.ilovetrains.ios
2026-09-10 01:42:57.387 xcodebuild[56464:70292983] [MT] IDELaunchParametersSnapshot: The operation couldn’t be completed. (DebuggerLLDB.DebuggerVersionStore.StoreError error 0.)
2026-09-10 01:42:57.387 xcodebuild[56464:70292983] [MT] IDELaunchParametersSnapshot: no debugger version
    t =    22.07s         Setting up automation session
    t =    22.85s         Wait for com.ilovetrains.ios to idle
    t =    24.11s Waiting 12.0s for "tracker-driver-status" Any to exist
    t =    25.15s     Checking `Expect predicate `existsNoRetry == 1` for object "tracker-driver-status" Any`
    t =    25.15s         Checking existence of `"tracker-driver-status" Any`
    t =    25.21s Waiting 12.0s for "tracker-driver-status" Any to exist
    t =    26.24s     Checking `Expect predicate `existsNoRetry == 1` for object "tracker-driver-status" Any`
    t =    26.24s         Checking existence of `"tracker-driver-status" Any`
    t =    26.27s Find the "tracker-driver-status" Any
    t =    26.29s Find the "tracker-driver-status" StaticText
    t =    26.30s Terminate com.ilovetrains.ios:56818
    t =    27.35s Open com.apple.springboard
    t =    27.35s     Activate com.apple.springboard
    t =    27.36s         Wait for com.apple.springboard to idle
    t =    27.99s Press Application 'com.apple.springboard'[0.15, 0.01] for 0.1 seconds, then drag to Application 'com.apple.springboard'[0.15, 0.72] with velocity of 500.00 pixels per second, and then hold for 0.0 seconds 
    t =    27.99s     Wait for com.apple.springboard to idle
    t =    27.99s     Find the Application 'com.apple.springboard'
    t =    28.03s     Check for interrupting elements affecting " " Application
    t =    28.06s     Synthesize event
    t =    28.06s         Find the Application 'com.apple.springboard'
    t =    28.08s         Find the Application 'com.apple.springboard'
    t =    28.11s         Find the Application 'com.apple.springboard'
    t =    28.13s         Find the Application 'com.apple.springboard'
    t =    28.16s         Find the Application 'com.apple.springboard'
    t =    29.73s     Wait for com.apple.springboard to idle
    t =    32.66s Waiting 2.5s for Button (First Match) to exist
    t =    33.69s     Checking `Expect predicate `existsNoRetry == 1` for object Button (First Match)`
    t =    33.69s         Checking existence of `Button (First Match)`
    t =    33.74s Tap Button (First Match)
    t =    33.74s     Wait for com.apple.springboard to idle
    t =    33.74s     Find the Button (First Match)
    t =    33.78s     Check for interrupting elements affecting "swipe-action-button-identifier" Button
    t =    33.81s     Synthesize event
    t =    34.09s     Wait for com.apple.springboard to idle
    t =    38.85s Terminate com.ilovetrains.ios:56885
    t =    39.91s Open com.ilovetrains.ios
    t =    39.91s     Launch com.ilovetrains.ios
2026-09-10 01:43:15.670 xcodebuild[56464:70292983] [MT] IDELaunchParametersSnapshot: The operation couldn’t be completed. (DebuggerLLDB.DebuggerVersionStore.StoreError error 0.)
2026-09-10 01:43:15.670 xcodebuild[56464:70292983] [MT] IDELaunchParametersSnapshot: no debugger version
    t =    40.12s         Setting up automation session
    t =    40.87s         Wait for com.ilovetrains.ios to idle
    t =    42.10s Waiting 12.0s for "tracker-driver-status" Any to exist
    t =    43.13s     Checking `Expect predicate `existsNoRetry == 1` for object "tracker-driver-status" Any`
    t =    43.14s         Checking existence of `"tracker-driver-status" Any`
    t =    43.20s Waiting 12.0s for "tracker-driver-status" Any to exist
    t =    44.23s     Checking `Expect predicate `existsNoRetry == 1` for object "tracker-driver-status" Any`
    t =    44.23s         Checking existence of `"tracker-driver-status" Any`
    t =    44.25s Find the "tracker-driver-status" Any
    t =    44.27s Find the "tracker-driver-status" StaticText
    t =    44.29s Terminate com.ilovetrains.ios:56940
    t =    45.34s Open com.apple.springboard
    t =    45.34s     Activate com.apple.springboard
    t =    45.35s         Wait for com.apple.springboard to idle
    t =    45.98s Press Application 'com.apple.springboard'[0.15, 0.01] for 0.1 seconds, then drag to Application 'com.apple.springboard'[0.15, 0.72] with velocity of 500.00 pixels per second, and then hold for 0.0 seconds 
    t =    45.98s     Wait for com.apple.springboard to idle
    t =    45.99s     Find the Application 'com.apple.springboard'
    t =    46.02s     Check for interrupting elements affecting " " Application
    t =    46.05s     Synthesize event
    t =    46.05s         Find the Application 'com.apple.springboard'
    t =    46.07s         Find the Application 'com.apple.springboard'
    t =    46.10s         Find the Application 'com.apple.springboard'
    t =    46.12s         Find the Application 'com.apple.springboard'
    t =    46.15s         Find the Application 'com.apple.springboard'
    t =    47.72s     Wait for com.apple.springboard to idle
    t =    50.67s Get all elements bound by index for: Elements matching predicate '"ListCell" IN identifiers'
    t =    50.72s Find the "ListCell" Button
    t =    50.75s Find the "ListCell" Button
    t =    50.79s Find the "ListCell" Button
    t =    50.82s Find the "ListCell" Button
    t =    50.85s Find the "ListCell" Button
    t =    50.89s Find the "ListCell" Button
    t =    50.92s Find the "ListCell" Button
    t =    50.95s Find the "ListCell" Button
    t =    50.99s Find the "ListCell" Button
    t =    51.02s Added attachment named 'tracker-r9-transfer-dark-notification-center-card-bounds'
    t =    51.14s Added attachment named 'tracker-r9-transfer-dark-notification-center'
    t =    51.14s Requesting snapshot of accessibility hierarchy for app with pid 47994
    t =    51.39s Requesting snapshot of accessibility hierarchy for app with pid 47994
    t =    51.44s Added attachment named 'tracker-r9-transfer-dark-notification-center-ax'
    t =    51.44s Open com.ilovetrains.ios
    t =    51.44s     Launch com.ilovetrains.ios
2026-09-10 01:43:27.196 xcodebuild[56464:70292983] [MT] IDELaunchParametersSnapshot: The operation couldn’t be completed. (DebuggerLLDB.DebuggerVersionStore.StoreError error 0.)
2026-09-10 01:43:27.196 xcodebuild[56464:70292983] [MT] IDELaunchParametersSnapshot: no debugger version
    t =    51.65s         Setting up automation session
    t =    52.35s         Wait for com.ilovetrains.ios to idle
    t =    53.59s Tear Down
Test Case '-[ILoveTrainsUITests.TravelTrackerFlowTests testCaptureSystemSurfaces]' passed (53.988 seconds).
Test Suite 'TravelTrackerFlowTests' passed at 2026-09-10 01:43:29.747.
	 Executed 1 test, with 0 failures (0 unexpected) in 53.988 (53.990) seconds
Test Suite 'ILoveTrainsUITests.xctest' passed at 2026-09-10 01:43:29.747.
	 Executed 1 test, with 0 failures (0 unexpected) in 53.988 (53.990) seconds
Test Suite 'Selected tests' passed at 2026-09-10 01:43:29.748.
	 Executed 1 test, with 0 failures (0 unexpected) in 53.988 (53.991) seconds
2026-09-10 01:43:30.055 xcodebuild[56464:70292983] [MT] IDETestOperationsObserverDebug: 56.653 elapsed -- Testing started completed.
2026-09-10 01:43:30.055 xcodebuild[56464:70292983] [MT] IDETestOperationsObserverDebug: 0.000 sec, +0.000 sec -- start
2026-09-10 01:43:30.055 xcodebuild[56464:70292983] [MT] IDETestOperationsObserverDebug: 56.653 sec, +56.653 sec -- end

Test session results, code coverage, and logs:
	/tmp/trains-comps-site-r9/native-live-activity/final-clean-2/results/capture-dark.xcresult

** TEST SUCCEEDED **

Testing started
